[2026-08-16 20:26:57] ERROR  [catalog:38] ERROR: مشکل در نمایش محصولات تخفیف خورده object of type 'NoneType' has no len() 
Traceback (most recent call last):
  File "/home/yons-hooti/Desktop/project/store/catalog/views.py", line 34, in get_context_data
    context = super().get_context_data(**kwargs)
              ^^^^^^^^^^^^^^^^^^^^^^^^^^^^^^^^^^
  File "/home/yons-hooti/Desktop/project/store/.venv/lib/python3.12/site-packages/django/views/generic/list.py", line 128, in get_context_data
    paginator, page, queryset, is_paginated = self.paginate_queryset(
                                              ^^^^^^^^^^^^^^^^^^^^^^^
  File "/home/yons-hooti/Desktop/project/store/.venv/lib/python3.12/site-packages/django/views/generic/list.py", line 73, in paginate_queryset
    page = paginator.page(page_number)
           ^^^^^^^^^^^^^^^^^^^^^^^^^^^
  File "/home/yons-hooti/Desktop/project/store/.venv/lib/python3.12/site-packages/django/core/paginator.py", line 89, in page
    number = self.validate_number(number)
             ^^^^^^^^^^^^^^^^^^^^^^^^^^^^
  File "/home/yons-hooti/Desktop/project/store/.venv/lib/python3.12/site-packages/django/core/paginator.py", line 70, in validate_number
    if number > self.num_pages:
                ^^^^^^^^^^^^^^
  File "/home/yons-hooti/Desktop/project/store/.venv/lib/python3.12/site-packages/django/utils/functional.py", line 47, in __get__
    res = instance.__dict__[self.name] = self.func(instance)
                                         ^^^^^^^^^^^^^^^^^^^
  File "/home/yons-hooti/Desktop/project/store/.venv/lib/python3.12/site-packages/django/core/paginator.py", line 116, in num_pages
    if self.count == 0 and not self.allow_empty_first_page:
       ^^^^^^^^^^
  File "/home/yons-hooti/Desktop/project/store/.venv/lib/python3.12/site-packages/django/utils/functional.py", line 47, in __get__
    res = instance.__dict__[self.name] = self.func(instance)
                                         ^^^^^^^^^^^^^^^^^^^
  File "/home/yons-hooti/Desktop/project/store/.venv/lib/python3.12/site-packages/django/core/paginator.py", line 111, in count
    return len(self.object_list)
           ^^^^^^^^^^^^^^^^^^^^^
TypeError: object of type 'NoneType' has no len()
[2026-08-16 20:26:57] ERROR  [catalog:38] ERROR: مشکل در نمایش محصولات تخفیف خورده object of type 'NoneType' has no len() 
Traceback (most recent call last):
  File "/home/yons-hooti/Desktop/project/store/catalog/views.py", line 34, in get_context_data
    context = super().get_context_data(**kwargs)
              ^^^^^^^^^^^^^^^^^^^^^^^^^^^^^^^^^^
  File "/home/yons-hooti/Desktop/project/store/.venv/lib/python3.12/site-packages/django/views/generic/list.py", line 128, in get_context_data
    paginator, page, queryset, is_paginated = self.paginate_queryset(
                                              ^^^^^^^^^^^^^^^^^^^^^^^
  File "/home/yons-hooti/Desktop/project/store/.venv/lib/python3.12/site-packages/django/views/generic/list.py", line 73, in paginate_queryset
    page = paginator.page(page_number)
           ^^^^^^^^^^^^^^^^^^^^^^^^^^^
  File "/home/yons-hooti/Desktop/project/store/.venv/lib/python3.12/site-packages/django/core/paginator.py", line 89, in page
    number = self.validate_number(number)
             ^^^^^^^^^^^^^^^^^^^^^^^^^^^^
  File "/home/yons-hooti/Desktop/project/store/.venv/lib/python3.12/site-packages/django/core/paginator.py", line 70, in validate_number
    if number > self.num_pages:
                ^^^^^^^^^^^^^^
  File "/home/yons-hooti/Desktop/project/store/.venv/lib/python3.12/site-packages/django/utils/functional.py", line 47, in __get__
    res = instance.__dict__[self.name] = self.func(instance)
                                         ^^^^^^^^^^^^^^^^^^^
  File "/home/yons-hooti/Desktop/project/store/.venv/lib/python3.12/site-packages/django/core/paginator.py", line 116, in num_pages
    if self.count == 0 and not self.allow_empty_first_page:
       ^^^^^^^^^^
  File "/home/yons-hooti/Desktop/project/store/.venv/lib/python3.12/site-packages/django/utils/functional.py", line 47, in __get__
    res = instance.__dict__[self.name] = self.func(instance)
                                         ^^^^^^^^^^^^^^^^^^^
  File "/home/yons-hooti/Desktop/project/store/.venv/lib/python3.12/site-packages/django/core/paginator.py", line 111, in count
    return len(self.object_list)
           ^^^^^^^^^^^^^^^^^^^^^
TypeError: object of type 'NoneType' has no len()
[2026-08-16 20:28:44] ERROR  [catalog:39] ERROR: مشکل در نمایش محصولات تخفیف خورده object of type 'NoneType' has no len() 
Traceback (most recent call last):
  File "/home/yons-hooti/Desktop/project/store/catalog/views.py", line 35, in get_context_data
    context = super().get_context_data(**kwargs)
              ^^^^^^^^^^^^^^^^^^^^^^^^^^^^^^^^^^
  File "/home/yons-hooti/Desktop/project/store/.venv/lib/python3.12/site-packages/django/views/generic/list.py", line 128, in get_context_data
    paginator, page, queryset, is_paginated = self.paginate_queryset(
                                              ^^^^^^^^^^^^^^^^^^^^^^^
  File "/home/yons-hooti/Desktop/project/store/.venv/lib/python3.12/site-packages/django/views/generic/list.py", line 73, in paginate_queryset
    page = paginator.page(page_number)
           ^^^^^^^^^^^^^^^^^^^^^^^^^^^
  File "/home/yons-hooti/Desktop/project/store/.venv/lib/python3.12/site-packages/django/core/paginator.py", line 89, in page
    number = self.validate_number(number)
             ^^^^^^^^^^^^^^^^^^^^^^^^^^^^
  File "/home/yons-hooti/Desktop/project/store/.venv/lib/python3.12/site-packages/django/core/paginator.py", line 70, in validate_number
    if number > self.num_pages:
                ^^^^^^^^^^^^^^
  File "/home/yons-hooti/Desktop/project/store/.venv/lib/python3.12/site-packages/django/utils/functional.py", line 47, in __get__
    res = instance.__dict__[self.name] = self.func(instance)
                                         ^^^^^^^^^^^^^^^^^^^
  File "/home/yons-hooti/Desktop/project/store/.venv/lib/python3.12/site-packages/django/core/paginator.py", line 116, in num_pages
    if self.count == 0 and not self.allow_empty_first_page:
       ^^^^^^^^^^
  File "/home/yons-hooti/Desktop/project/store/.venv/lib/python3.12/site-packages/django/utils/functional.py", line 47, in __get__
    res = instance.__dict__[self.name] = self.func(instance)
                                         ^^^^^^^^^^^^^^^^^^^
  File "/home/yons-hooti/Desktop/project/store/.venv/lib/python3.12/site-packages/django/core/paginator.py", line 111, in count
    return len(self.object_list)
           ^^^^^^^^^^^^^^^^^^^^^
TypeError: object of type 'NoneType' has no len()
[2026-08-16 20:29:05] ERROR  [catalog:39] ERROR: مشکل در نمایش محصولات تخفیف خورده object of type 'NoneType' has no len() 
Traceback (most recent call last):
  File "/home/yons-hooti/Desktop/project/store/catalog/views.py", line 35, in get_context_data
    context = super().get_context_data(**kwargs)
              ^^^^^^^^^^^^^^^^^^^^^^^^^^^^^^^^^^
  File "/home/yons-hooti/Desktop/project/store/.venv/lib/python3.12/site-packages/django/views/generic/list.py", line 128, in get_context_data
    paginator, page, queryset, is_paginated = self.paginate_queryset(
                                              ^^^^^^^^^^^^^^^^^^^^^^^
  File "/home/yons-hooti/Desktop/project/store/.venv/lib/python3.12/site-packages/django/views/generic/list.py", line 73, in paginate_queryset
    page = paginator.page(page_number)
           ^^^^^^^^^^^^^^^^^^^^^^^^^^^
  File "/home/yons-hooti/Desktop/project/store/.venv/lib/python3.12/site-packages/django/core/paginator.py", line 89, in page
    number = self.validate_number(number)
             ^^^^^^^^^^^^^^^^^^^^^^^^^^^^
  File "/home/yons-hooti/Desktop/project/store/.venv/lib/python3.12/site-packages/django/core/paginator.py", line 70, in validate_number
    if number > self.num_pages:
                ^^^^^^^^^^^^^^
  File "/home/yons-hooti/Desktop/project/store/.venv/lib/python3.12/site-packages/django/utils/functional.py", line 47, in __get__
    res = instance.__dict__[self.name] = self.func(instance)
                                         ^^^^^^^^^^^^^^^^^^^
  File "/home/yons-hooti/Desktop/project/store/.venv/lib/python3.12/site-packages/django/core/paginator.py", line 116, in num_pages
    if self.count == 0 and not self.allow_empty_first_page:
       ^^^^^^^^^^
  File "/home/yons-hooti/Desktop/project/store/.venv/lib/python3.12/site-packages/django/utils/functional.py", line 47, in __get__
    res = instance.__dict__[self.name] = self.func(instance)
                                         ^^^^^^^^^^^^^^^^^^^
  File "/home/yons-hooti/Desktop/project/store/.venv/lib/python3.12/site-packages/django/core/paginator.py", line 111, in count
    return len(self.object_list)
           ^^^^^^^^^^^^^^^^^^^^^
TypeError: object of type 'NoneType' has no len()
[2026-08-16 20:30:22] ERROR  [catalog:39] ERROR: مشکل در نمایش محصولات تخفیف خورده object of type 'NoneType' has no len() 
Traceback (most recent call last):
  File "/home/yons-hooti/Desktop/project/store/catalog/views.py", line 35, in get_context_data
    context = super().get_context_data(**kwargs)
              ^^^^^^^^^^^^^^^^^^^^^^^^^^^^^^^^^^
  File "/home/yons-hooti/Desktop/project/store/.venv/lib/python3.12/site-packages/django/views/generic/list.py", line 128, in get_context_data
    paginator, page, queryset, is_paginated = self.paginate_queryset(
                                              ^^^^^^^^^^^^^^^^^^^^^^^
  File "/home/yons-hooti/Desktop/project/store/.venv/lib/python3.12/site-packages/django/views/generic/list.py", line 73, in paginate_queryset
    page = paginator.page(page_number)
           ^^^^^^^^^^^^^^^^^^^^^^^^^^^
  File "/home/yons-hooti/Desktop/project/store/.venv/lib/python3.12/site-packages/django/core/paginator.py", line 89, in page
    number = self.validate_number(number)
             ^^^^^^^^^^^^^^^^^^^^^^^^^^^^
  File "/home/yons-hooti/Desktop/project/store/.venv/lib/python3.12/site-packages/django/core/paginator.py", line 70, in validate_number
    if number > self.num_pages:
                ^^^^^^^^^^^^^^
  File "/home/yons-hooti/Desktop/project/store/.venv/lib/python3.12/site-packages/django/utils/functional.py", line 47, in __get__
    res = instance.__dict__[self.name] = self.func(instance)
                                         ^^^^^^^^^^^^^^^^^^^
  File "/home/yons-hooti/Desktop/project/store/.venv/lib/python3.12/site-packages/django/core/paginator.py", line 116, in num_pages
    if self.count == 0 and not self.allow_empty_first_page:
       ^^^^^^^^^^
  File "/home/yons-hooti/Desktop/project/store/.venv/lib/python3.12/site-packages/django/utils/functional.py", line 47, in __get__
    res = instance.__dict__[self.name] = self.func(instance)
                                         ^^^^^^^^^^^^^^^^^^^
  File "/home/yons-hooti/Desktop/project/store/.venv/lib/python3.12/site-packages/django/core/paginator.py", line 111, in count
    return len(self.object_list)
           ^^^^^^^^^^^^^^^^^^^^^
TypeError: object of type 'NoneType' has no len()
[2026-08-16 20:30:26] ERROR  [catalog:39] ERROR: مشکل در نمایش محصولات تخفیف خورده object of type 'NoneType' has no len() 
Traceback (most recent call last):
  File "/home/yons-hooti/Desktop/project/store/catalog/views.py", line 35, in get_context_data
    context = super().get_context_data(**kwargs)
              ^^^^^^^^^^^^^^^^^^^^^^^^^^^^^^^^^^
  File "/home/yons-hooti/Desktop/project/store/.venv/lib/python3.12/site-packages/django/views/generic/list.py", line 128, in get_context_data
    paginator, page, queryset, is_paginated = self.paginate_queryset(
                                              ^^^^^^^^^^^^^^^^^^^^^^^
  File "/home/yons-hooti/Desktop/project/store/.venv/lib/python3.12/site-packages/django/views/generic/list.py", line 73, in paginate_queryset
    page = paginator.page(page_number)
           ^^^^^^^^^^^^^^^^^^^^^^^^^^^
  File "/home/yons-hooti/Desktop/project/store/.venv/lib/python3.12/site-packages/django/core/paginator.py", line 89, in page
    number = self.validate_number(number)
             ^^^^^^^^^^^^^^^^^^^^^^^^^^^^
  File "/home/yons-hooti/Desktop/project/store/.venv/lib/python3.12/site-packages/django/core/paginator.py", line 70, in validate_number
    if number > self.num_pages:
                ^^^^^^^^^^^^^^
  File "/home/yons-hooti/Desktop/project/store/.venv/lib/python3.12/site-packages/django/utils/functional.py", line 47, in __get__
    res = instance.__dict__[self.name] = self.func(instance)
                                         ^^^^^^^^^^^^^^^^^^^
  File "/home/yons-hooti/Desktop/project/store/.venv/lib/python3.12/site-packages/django/core/paginator.py", line 116, in num_pages
    if self.count == 0 and not self.allow_empty_first_page:
       ^^^^^^^^^^
  File "/home/yons-hooti/Desktop/project/store/.venv/lib/python3.12/site-packages/django/utils/functional.py", line 47, in __get__
    res = instance.__dict__[self.name] = self.func(instance)
                                         ^^^^^^^^^^^^^^^^^^^
  File "/home/yons-hooti/Desktop/project/store/.venv/lib/python3.12/site-packages/django/core/paginator.py", line 111, in count
    return len(self.object_list)
           ^^^^^^^^^^^^^^^^^^^^^
TypeError: object of type 'NoneType' has no len()
[2026-08-16 20:31:08] ERROR  [catalog:39] ERROR: مشکل در نمایش محصولات تخفیف خورده object of type 'NoneType' has no len() 
Traceback (most recent call last):
  File "/home/yons-hooti/Desktop/project/store/catalog/views.py", line 35, in get_context_data
    context = super().get_context_data(**kwargs)
              ^^^^^^^^^^^^^^^^^^^^^^^^^^^^^^^^^^
  File "/home/yons-hooti/Desktop/project/store/.venv/lib/python3.12/site-packages/django/views/generic/list.py", line 128, in get_context_data
    paginator, page, queryset, is_paginated = self.paginate_queryset(
                                              ^^^^^^^^^^^^^^^^^^^^^^^
  File "/home/yons-hooti/Desktop/project/store/.venv/lib/python3.12/site-packages/django/views/generic/list.py", line 73, in paginate_queryset
    page = paginator.page(page_number)
           ^^^^^^^^^^^^^^^^^^^^^^^^^^^
  File "/home/yons-hooti/Desktop/project/store/.venv/lib/python3.12/site-packages/django/core/paginator.py", line 89, in page
    number = self.validate_number(number)
             ^^^^^^^^^^^^^^^^^^^^^^^^^^^^
  File "/home/yons-hooti/Desktop/project/store/.venv/lib/python3.12/site-packages/django/core/paginator.py", line 70, in validate_number
    if number > self.num_pages:
                ^^^^^^^^^^^^^^
  File "/home/yons-hooti/Desktop/project/store/.venv/lib/python3.12/site-packages/django/utils/functional.py", line 47, in __get__
    res = instance.__dict__[self.name] = self.func(instance)
                                         ^^^^^^^^^^^^^^^^^^^
  File "/home/yons-hooti/Desktop/project/store/.venv/lib/python3.12/site-packages/django/core/paginator.py", line 116, in num_pages
    if self.count == 0 and not self.allow_empty_first_page:
       ^^^^^^^^^^
  File "/home/yons-hooti/Desktop/project/store/.venv/lib/python3.12/site-packages/django/utils/functional.py", line 47, in __get__
    res = instance.__dict__[self.name] = self.func(instance)
                                         ^^^^^^^^^^^^^^^^^^^
  File "/home/yons-hooti/Desktop/project/store/.venv/lib/python3.12/site-packages/django/core/paginator.py", line 111, in count
    return len(self.object_list)
           ^^^^^^^^^^^^^^^^^^^^^
TypeError: object of type 'NoneType' has no len()
[2026-08-16 20:33:17] ERROR  [catalog:39] ERROR: مشکل در نمایش محصولات تخفیف خورده 'slug' 
Traceback (most recent call last):
  File "/home/yons-hooti/Desktop/project/store/catalog/views.py", line 33, in get_context_data
    category = Category.objects.get(slug=self.kwargs['slug'])
                                         ~~~~~~~~~~~^^^^^^^^
KeyError: 'slug'
[2026-08-16 20:34:34] ERROR  [catalog:41] ERROR: مشکل در نمایش محصولات تخفیف خورده 'slug' 
Traceback (most recent call last):
  File "/home/yons-hooti/Desktop/project/store/catalog/views.py", line 34, in get_context_data
    if self.kwargs['slug']:
       ~~~~~~~~~~~^^^^^^^^
KeyError: 'slug'
[2026-08-16 20:34:49] ERROR  [catalog:41] ERROR: مشکل در نمایش محصولات تخفیف خورده 'slug' 
Traceback (most recent call last):
  File "/home/yons-hooti/Desktop/project/store/catalog/views.py", line 34, in get_context_data
    if self.kwargs['slug']:
       ~~~~~~~~~~~^^^^^^^^
KeyError: 'slug'
[2026-08-16 20:35:18] ERROR  [catalog:41] ERROR: مشکل در نمایش محصولات تخفیف خورده 'slug' 
Traceback (most recent call last):
  File "/home/yons-hooti/Desktop/project/store/catalog/views.py", line 34, in get_context_data
    if self.kwargs['slug'] is not None:
       ~~~~~~~~~~~^^^^^^^^
KeyError: 'slug'
[2026-08-16 20:35:19] ERROR  [catalog:41] ERROR: مشکل در نمایش محصولات تخفیف خورده 'slug' 
Traceback (most recent call last):
  File "/home/yons-hooti/Desktop/project/store/catalog/views.py", line 34, in get_context_data
    if self.kwargs['slug'] is not None:
       ~~~~~~~~~~~^^^^^^^^
KeyError: 'slug'
[2026-08-16 20:37:03] ERROR  [catalog:43] ERROR: مشکل در نمایش محصولات تخفیف خورده  
Traceback (most recent call last):
  File "/home/yons-hooti/Desktop/project/store/catalog/views.py", line 35, in get_context_data
    category = Category.objects.get(slug=self.kwargs['slug'])
                                         ~~~~~~~~~~~^^^^^^^^
KeyError: 'slug'

During handling of the above exception, another exception occurred:

Traceback (most recent call last):
  File "/home/yons-hooti/Desktop/project/store/catalog/views.py", line 38, in get_context_data
    raise Http404
django.http.response.Http404
[2026-08-16 20:37:15] ERROR  [catalog:43] ERROR: مشکل در نمایش محصولات تخفیف خورده  
Traceback (most recent call last):
  File "/home/yons-hooti/Desktop/project/store/catalog/views.py", line 35, in get_context_data
    category = Category.objects.get(slug=self.kwargs['slug'])
                                         ~~~~~~~~~~~^^^^^^^^
KeyError: 'slug'

During handling of the above exception, another exception occurred:

Traceback (most recent call last):
  File "/home/yons-hooti/Desktop/project/store/catalog/views.py", line 38, in get_context_data
    raise Http404
django.http.response.Http404
